// Jest Snapshot v1, https://goo.gl/fbAQLP

exports[`spellList component renders spellList 1`] = `
<DocumentFragment>
  <spelllist />
</DocumentFragment>
`;
